============================= test session starts =============================
platform win32 -- Python 3.13.1, pytest-8.3.5, pluggy-1.5.0
rootdir: C:\Users\3fold\Documents\ApexNoir
plugins: anyio-4.8.0, Faker-37.1.0
collected 6 items

backend\tests\test_driver_elo.py FF                                      [ 33%]
backend\tests\test_rivalries.py FF                                       [ 66%]
backend\tests\test_season_overview.py F                                  [ 83%]
backend\tests\test_team_stats.py .                                       [100%]

================================== FAILURES ===================================
___________________________ test_driver_elo_success ___________________________

monkeypatch = <_pytest.monkeypatch.MonkeyPatch object at 0x0000028BE1994180>

    def test_driver_elo_success(monkeypatch):
        # fake a one\u2010race career ELO history
        fake_data = [{"race_id": 1, "date": "2021-03-28", "elo": 1550}]
        monkeypatch.setattr("backend.main.compute_career_elo", lambda code, season: fake_data)
    
>       resp = client.get("/drivers/ham/elo?season=2021")

backend\tests\test_driver_elo.py:13: 
_ _ _ _ _ _ _ _ _ _ _ _ _ _ _ _ _ _ _ _ _ _ _ _ _ _ _ _ _ _ _ _ _ _ _ _ _ _ _ _
..\..\AppData\Roaming\Python\Python313\site-packages\starlette\testclient.py:465: in get
    return super().get(
..\..\AppData\Roaming\Python\Python313\site-packages\httpx\_client.py:1053: in get
    return self.request(
..\..\AppData\Roaming\Python\Python313\site-packages\starlette\testclient.py:437: in request
    return super().request(
..\..\AppData\Roaming\Python\Python313\site-packages\httpx\_client.py:825: in request
    return self.send(request, auth=auth, follow_redirects=follow_redirects)
..\..\AppData\Roaming\Python\Python313\site-packages\httpx\_client.py:914: in send
    response = self._send_handling_auth(
..\..\AppData\Roaming\Python\Python313\site-packages\httpx\_client.py:942: in _send_handling_auth
    response = self._send_handling_redirects(
..\..\AppData\Roaming\Python\Python313\site-packages\httpx\_client.py:979: in _send_handling_redirects
    response = self._send_single_request(request)
..\..\AppData\Roaming\Python\Python313\site-packages\httpx\_client.py:1014: in _send_single_request
    response = transport.handle_request(request)
..\..\AppData\Roaming\Python\Python313\site-packages\starlette\testclient.py:340: in handle_request
    raise exc
..\..\AppData\Roaming\Python\Python313\site-packages\starlette\testclient.py:337: in handle_request
    portal.call(self.app, scope, receive, send)
..\..\AppData\Roaming\Python\Python313\site-packages\anyio\from_thread.py:290: in call
    return cast(T_Retval, self.start_task_soon(func, *args).result())
C:\Python313\Lib\concurrent\futures\_base.py:456: in result
    return self.__get_result()
C:\Python313\Lib\concurrent\futures\_base.py:401: in __get_result
    raise self._exception
..\..\AppData\Roaming\Python\Python313\site-packages\anyio\from_thread.py:221: in _call_func
    retval = await retval_or_awaitable
..\..\AppData\Roaming\Python\Python313\site-packages\fastapi\applications.py:1054: in __call__
    await super().__call__(scope, receive, send)
..\..\AppData\Roaming\Python\Python313\site-packages\starlette\applications.py:112: in __call__
    await self.middleware_stack(scope, receive, send)
..\..\AppData\Roaming\Python\Python313\site-packages\starlette\middleware\errors.py:187: in __call__
    raise exc
..\..\AppData\Roaming\Python\Python313\site-packages\starlette\middleware\errors.py:165: in __call__
    await self.app(scope, receive, _send)
..\..\AppData\Roaming\Python\Python313\site-packages\starlette\middleware\cors.py:85: in __call__
    await self.app(scope, receive, send)
..\..\AppData\Roaming\Python\Python313\site-packages\starlette\middleware\exceptions.py:62: in __call__
    await wrap_app_handling_exceptions(self.app, conn)(scope, receive, send)
..\..\AppData\Roaming\Python\Python313\site-packages\starlette\_exception_handler.py:53: in wrapped_app
    raise exc
..\..\AppData\Roaming\Python\Python313\site-packages\starlette\_exception_handler.py:42: in wrapped_app
    await app(scope, receive, sender)
..\..\AppData\Roaming\Python\Python313\site-packages\starlette\routing.py:714: in __call__
    await self.middleware_stack(scope, receive, send)
..\..\AppData\Roaming\Python\Python313\site-packages\starlette\routing.py:734: in app
    await route.handle(scope, receive, send)
..\..\AppData\Roaming\Python\Python313\site-packages\starlette\routing.py:288: in handle
    await self.app(scope, receive, send)
..\..\AppData\Roaming\Python\Python313\site-packages\starlette\routing.py:76: in app
    await wrap_app_handling_exceptions(app, request)(scope, receive, send)
..\..\AppData\Roaming\Python\Python313\site-packages\starlette\_exception_handler.py:53: in wrapped_app
    raise exc
..\..\AppData\Roaming\Python\Python313\site-packages\starlette\_exception_handler.py:42: in wrapped_app
    await app(scope, receive, sender)
..\..\AppData\Roaming\Python\Python313\site-packages\starlette\routing.py:73: in app
    response = await f(request)
..\..\AppData\Roaming\Python\Python313\site-packages\fastapi\routing.py:301: in app
    raw_response = await run_endpoint_function(
..\..\AppData\Roaming\Python\Python313\site-packages\fastapi\routing.py:214: in run_endpoint_function
    return await run_in_threadpool(dependant.call, **values)
..\..\AppData\Roaming\Python\Python313\site-packages\starlette\concurrency.py:37: in run_in_threadpool
    return await anyio.to_thread.run_sync(func)
..\..\AppData\Roaming\Python\Python313\site-packages\anyio\to_thread.py:56: in run_sync
    return await get_async_backend().run_sync_in_worker_thread(
..\..\AppData\Roaming\Python\Python313\site-packages\anyio\_backends\_asyncio.py:2461: in run_sync_in_worker_thread
    return await future
..\..\AppData\Roaming\Python\Python313\site-packages\anyio\_backends\_asyncio.py:962: in run
    result = context.run(func, *args)
_ _ _ _ _ _ _ _ _ _ _ _ _ _ _ _ _ _ _ _ _ _ _ _ _ _ _ _ _ _ _ _ _ _ _ _ _ _ _ _

code = 'ham', season = 2021

    @app.get("/drivers/{code}/elo")
    def driver_elo(code: str, season: int = 2021):
        df = compute_career_elo(code, season)
>       if df.empty: raise HTTPException(404, "Not found")
E       AttributeError: 'list' object has no attribute 'empty'

backend\main.py:22: AttributeError
__________________________ test_driver_elo_not_found __________________________

monkeypatch = <_pytest.monkeypatch.MonkeyPatch object at 0x0000028BE1996C40>

    def test_driver_elo_not_found(monkeypatch):
        # simulate no data \u2192 404
        monkeypatch.setattr("backend.main.compute_career_elo", lambda code, season: [])
>       resp = client.get("/drivers/xxx/elo")

backend\tests\test_driver_elo.py:23: 
_ _ _ _ _ _ _ _ _ _ _ _ _ _ _ _ _ _ _ _ _ _ _ _ _ _ _ _ _ _ _ _ _ _ _ _ _ _ _ _
..\..\AppData\Roaming\Python\Python313\site-packages\starlette\testclient.py:465: in get
    return super().get(
..\..\AppData\Roaming\Python\Python313\site-packages\httpx\_client.py:1053: in get
    return self.request(
..\..\AppData\Roaming\Python\Python313\site-packages\starlette\testclient.py:437: in request
    return super().request(
..\..\AppData\Roaming\Python\Python313\site-packages\httpx\_client.py:825: in request
    return self.send(request, auth=auth, follow_redirects=follow_redirects)
..\..\AppData\Roaming\Python\Python313\site-packages\httpx\_client.py:914: in send
    response = self._send_handling_auth(
..\..\AppData\Roaming\Python\Python313\site-packages\httpx\_client.py:942: in _send_handling_auth
    response = self._send_handling_redirects(
..\..\AppData\Roaming\Python\Python313\site-packages\httpx\_client.py:979: in _send_handling_redirects
    response = self._send_single_request(request)
..\..\AppData\Roaming\Python\Python313\site-packages\httpx\_client.py:1014: in _send_single_request
    response = transport.handle_request(request)
..\..\AppData\Roaming\Python\Python313\site-packages\starlette\testclient.py:340: in handle_request
    raise exc
..\..\AppData\Roaming\Python\Python313\site-packages\starlette\testclient.py:337: in handle_request
    portal.call(self.app, scope, receive, send)
..\..\AppData\Roaming\Python\Python313\site-packages\anyio\from_thread.py:290: in call
    return cast(T_Retval, self.start_task_soon(func, *args).result())
C:\Python313\Lib\concurrent\futures\_base.py:456: in result
    return self.__get_result()
C:\Python313\Lib\concurrent\futures\_base.py:401: in __get_result
    raise self._exception
..\..\AppData\Roaming\Python\Python313\site-packages\anyio\from_thread.py:221: in _call_func
    retval = await retval_or_awaitable
..\..\AppData\Roaming\Python\Python313\site-packages\fastapi\applications.py:1054: in __call__
    await super().__call__(scope, receive, send)
..\..\AppData\Roaming\Python\Python313\site-packages\starlette\applications.py:112: in __call__
    await self.middleware_stack(scope, receive, send)
..\..\AppData\Roaming\Python\Python313\site-packages\starlette\middleware\errors.py:187: in __call__
    raise exc
..\..\AppData\Roaming\Python\Python313\site-packages\starlette\middleware\errors.py:165: in __call__
    await self.app(scope, receive, _send)
..\..\AppData\Roaming\Python\Python313\site-packages\starlette\middleware\cors.py:85: in __call__
    await self.app(scope, receive, send)
..\..\AppData\Roaming\Python\Python313\site-packages\starlette\middleware\exceptions.py:62: in __call__
    await wrap_app_handling_exceptions(self.app, conn)(scope, receive, send)
..\..\AppData\Roaming\Python\Python313\site-packages\starlette\_exception_handler.py:53: in wrapped_app
    raise exc
..\..\AppData\Roaming\Python\Python313\site-packages\starlette\_exception_handler.py:42: in wrapped_app
    await app(scope, receive, sender)
..\..\AppData\Roaming\Python\Python313\site-packages\starlette\routing.py:714: in __call__
    await self.middleware_stack(scope, receive, send)
..\..\AppData\Roaming\Python\Python313\site-packages\starlette\routing.py:734: in app
    await route.handle(scope, receive, send)
..\..\AppData\Roaming\Python\Python313\site-packages\starlette\routing.py:288: in handle
    await self.app(scope, receive, send)
..\..\AppData\Roaming\Python\Python313\site-packages\starlette\routing.py:76: in app
    await wrap_app_handling_exceptions(app, request)(scope, receive, send)
..\..\AppData\Roaming\Python\Python313\site-packages\starlette\_exception_handler.py:53: in wrapped_app
    raise exc
..\..\AppData\Roaming\Python\Python313\site-packages\starlette\_exception_handler.py:42: in wrapped_app
    await app(scope, receive, sender)
..\..\AppData\Roaming\Python\Python313\site-packages\starlette\routing.py:73: in app
    response = await f(request)
..\..\AppData\Roaming\Python\Python313\site-packages\fastapi\routing.py:301: in app
    raw_response = await run_endpoint_function(
..\..\AppData\Roaming\Python\Python313\site-packages\fastapi\routing.py:214: in run_endpoint_function
    return await run_in_threadpool(dependant.call, **values)
..\..\AppData\Roaming\Python\Python313\site-packages\starlette\concurrency.py:37: in run_in_threadpool
    return await anyio.to_thread.run_sync(func)
..\..\AppData\Roaming\Python\Python313\site-packages\anyio\to_thread.py:56: in run_sync
    return await get_async_backend().run_sync_in_worker_thread(
..\..\AppData\Roaming\Python\Python313\site-packages\anyio\_backends\_asyncio.py:2461: in run_sync_in_worker_thread
    return await future
..\..\AppData\Roaming\Python\Python313\site-packages\anyio\_backends\_asyncio.py:962: in run
    result = context.run(func, *args)
_ _ _ _ _ _ _ _ _ _ _ _ _ _ _ _ _ _ _ _ _ _ _ _ _ _ _ _ _ _ _ _ _ _ _ _ _ _ _ _

code = 'xxx', season = 2021

    @app.get("/drivers/{code}/elo")
    def driver_elo(code: str, season: int = 2021):
        df = compute_career_elo(code, season)
>       if df.empty: raise HTTPException(404, "Not found")
E       AttributeError: 'list' object has no attribute 'empty'

backend\main.py:22: AttributeError
___________________________ test_rivalries_success ____________________________

monkeypatch = <_pytest.monkeypatch.MonkeyPatch object at 0x0000028BE197B410>

    def test_rivalries_success(monkeypatch):
        fake_rivals = [
            {"rival": "ver", "races_together": 10, "head2head_win%": 0.6},
            {"rival": "lec", "races_together": 10, "head2head_win%": 0.4},
        ]
        monkeypatch.setattr("backend.main.compute_rivalries", lambda code, season: fake_rivals)
    
>       resp = client.get("/drivers/ham/rivalries?season=2021")

backend\tests\test_rivalries.py:15: 
_ _ _ _ _ _ _ _ _ _ _ _ _ _ _ _ _ _ _ _ _ _ _ _ _ _ _ _ _ _ _ _ _ _ _ _ _ _ _ _
..\..\AppData\Roaming\Python\Python313\site-packages\starlette\testclient.py:465: in get
    return super().get(
..\..\AppData\Roaming\Python\Python313\site-packages\httpx\_client.py:1053: in get
    return self.request(
..\..\AppData\Roaming\Python\Python313\site-packages\starlette\testclient.py:437: in request
    return super().request(
..\..\AppData\Roaming\Python\Python313\site-packages\httpx\_client.py:825: in request
    return self.send(request, auth=auth, follow_redirects=follow_redirects)
..\..\AppData\Roaming\Python\Python313\site-packages\httpx\_client.py:914: in send
    response = self._send_handling_auth(
..\..\AppData\Roaming\Python\Python313\site-packages\httpx\_client.py:942: in _send_handling_auth
    response = self._send_handling_redirects(
..\..\AppData\Roaming\Python\Python313\site-packages\httpx\_client.py:979: in _send_handling_redirects
    response = self._send_single_request(request)
..\..\AppData\Roaming\Python\Python313\site-packages\httpx\_client.py:1014: in _send_single_request
    response = transport.handle_request(request)
..\..\AppData\Roaming\Python\Python313\site-packages\starlette\testclient.py:340: in handle_request
    raise exc
..\..\AppData\Roaming\Python\Python313\site-packages\starlette\testclient.py:337: in handle_request
    portal.call(self.app, scope, receive, send)
..\..\AppData\Roaming\Python\Python313\site-packages\anyio\from_thread.py:290: in call
    return cast(T_Retval, self.start_task_soon(func, *args).result())
C:\Python313\Lib\concurrent\futures\_base.py:456: in result
    return self.__get_result()
C:\Python313\Lib\concurrent\futures\_base.py:401: in __get_result
    raise self._exception
..\..\AppData\Roaming\Python\Python313\site-packages\anyio\from_thread.py:221: in _call_func
    retval = await retval_or_awaitable
..\..\AppData\Roaming\Python\Python313\site-packages\fastapi\applications.py:1054: in __call__
    await super().__call__(scope, receive, send)
..\..\AppData\Roaming\Python\Python313\site-packages\starlette\applications.py:112: in __call__
    await self.middleware_stack(scope, receive, send)
..\..\AppData\Roaming\Python\Python313\site-packages\starlette\middleware\errors.py:187: in __call__
    raise exc
..\..\AppData\Roaming\Python\Python313\site-packages\starlette\middleware\errors.py:165: in __call__
    await self.app(scope, receive, _send)
..\..\AppData\Roaming\Python\Python313\site-packages\starlette\middleware\cors.py:85: in __call__
    await self.app(scope, receive, send)
..\..\AppData\Roaming\Python\Python313\site-packages\starlette\middleware\exceptions.py:62: in __call__
    await wrap_app_handling_exceptions(self.app, conn)(scope, receive, send)
..\..\AppData\Roaming\Python\Python313\site-packages\starlette\_exception_handler.py:53: in wrapped_app
    raise exc
..\..\AppData\Roaming\Python\Python313\site-packages\starlette\_exception_handler.py:42: in wrapped_app
    await app(scope, receive, sender)
..\..\AppData\Roaming\Python\Python313\site-packages\starlette\routing.py:714: in __call__
    await self.middleware_stack(scope, receive, send)
..\..\AppData\Roaming\Python\Python313\site-packages\starlette\routing.py:734: in app
    await route.handle(scope, receive, send)
..\..\AppData\Roaming\Python\Python313\site-packages\starlette\routing.py:288: in handle
    await self.app(scope, receive, send)
..\..\AppData\Roaming\Python\Python313\site-packages\starlette\routing.py:76: in app
    await wrap_app_handling_exceptions(app, request)(scope, receive, send)
..\..\AppData\Roaming\Python\Python313\site-packages\starlette\_exception_handler.py:53: in wrapped_app
    raise exc
..\..\AppData\Roaming\Python\Python313\site-packages\starlette\_exception_handler.py:42: in wrapped_app
    await app(scope, receive, sender)
..\..\AppData\Roaming\Python\Python313\site-packages\starlette\routing.py:73: in app
    response = await f(request)
..\..\AppData\Roaming\Python\Python313\site-packages\fastapi\routing.py:301: in app
    raw_response = await run_endpoint_function(
..\..\AppData\Roaming\Python\Python313\site-packages\fastapi\routing.py:214: in run_endpoint_function
    return await run_in_threadpool(dependant.call, **values)
..\..\AppData\Roaming\Python\Python313\site-packages\starlette\concurrency.py:37: in run_in_threadpool
    return await anyio.to_thread.run_sync(func)
..\..\AppData\Roaming\Python\Python313\site-packages\anyio\to_thread.py:56: in run_sync
    return await get_async_backend().run_sync_in_worker_thread(
..\..\AppData\Roaming\Python\Python313\site-packages\anyio\_backends\_asyncio.py:2461: in run_sync_in_worker_thread
    return await future
..\..\AppData\Roaming\Python\Python313\site-packages\anyio\_backends\_asyncio.py:962: in run
    result = context.run(func, *args)
_ _ _ _ _ _ _ _ _ _ _ _ _ _ _ _ _ _ _ _ _ _ _ _ _ _ _ _ _ _ _ _ _ _ _ _ _ _ _ _

code = 'ham', season = 2021

    @app.get("/drivers/{code}/rivalries")
    def rivalries(code: str, season: int = 2021):
        df = compute_rivalries(code, season)
>       if df.empty: raise HTTPException(404, "No data")
E       AttributeError: 'list' object has no attribute 'empty'

backend\main.py:33: AttributeError
__________________________ test_rivalries_not_found ___________________________

monkeypatch = <_pytest.monkeypatch.MonkeyPatch object at 0x0000028BF37D3350>

    def test_rivalries_not_found(monkeypatch):
        monkeypatch.setattr("backend.main.compute_rivalries", lambda code, season: [])
>       resp = client.get("/drivers/ham/rivalries")

backend\tests\test_rivalries.py:22: 
_ _ _ _ _ _ _ _ _ _ _ _ _ _ _ _ _ _ _ _ _ _ _ _ _ _ _ _ _ _ _ _ _ _ _ _ _ _ _ _
..\..\AppData\Roaming\Python\Python313\site-packages\starlette\testclient.py:465: in get
    return super().get(
..\..\AppData\Roaming\Python\Python313\site-packages\httpx\_client.py:1053: in get
    return self.request(
..\..\AppData\Roaming\Python\Python313\site-packages\starlette\testclient.py:437: in request
    return super().request(
..\..\AppData\Roaming\Python\Python313\site-packages\httpx\_client.py:825: in request
    return self.send(request, auth=auth, follow_redirects=follow_redirects)
..\..\AppData\Roaming\Python\Python313\site-packages\httpx\_client.py:914: in send
    response = self._send_handling_auth(
..\..\AppData\Roaming\Python\Python313\site-packages\httpx\_client.py:942: in _send_handling_auth
    response = self._send_handling_redirects(
..\..\AppData\Roaming\Python\Python313\site-packages\httpx\_client.py:979: in _send_handling_redirects
    response = self._send_single_request(request)
..\..\AppData\Roaming\Python\Python313\site-packages\httpx\_client.py:1014: in _send_single_request
    response = transport.handle_request(request)
..\..\AppData\Roaming\Python\Python313\site-packages\starlette\testclient.py:340: in handle_request
    raise exc
..\..\AppData\Roaming\Python\Python313\site-packages\starlette\testclient.py:337: in handle_request
    portal.call(self.app, scope, receive, send)
..\..\AppData\Roaming\Python\Python313\site-packages\anyio\from_thread.py:290: in call
    return cast(T_Retval, self.start_task_soon(func, *args).result())
C:\Python313\Lib\concurrent\futures\_base.py:456: in result
    return self.__get_result()
C:\Python313\Lib\concurrent\futures\_base.py:401: in __get_result
    raise self._exception
..\..\AppData\Roaming\Python\Python313\site-packages\anyio\from_thread.py:221: in _call_func
    retval = await retval_or_awaitable
..\..\AppData\Roaming\Python\Python313\site-packages\fastapi\applications.py:1054: in __call__
    await super().__call__(scope, receive, send)
..\..\AppData\Roaming\Python\Python313\site-packages\starlette\applications.py:112: in __call__
    await self.middleware_stack(scope, receive, send)
..\..\AppData\Roaming\Python\Python313\site-packages\starlette\middleware\errors.py:187: in __call__
    raise exc
..\..\AppData\Roaming\Python\Python313\site-packages\starlette\middleware\errors.py:165: in __call__
    await self.app(scope, receive, _send)
..\..\AppData\Roaming\Python\Python313\site-packages\starlette\middleware\cors.py:85: in __call__
    await self.app(scope, receive, send)
..\..\AppData\Roaming\Python\Python313\site-packages\starlette\middleware\exceptions.py:62: in __call__
    await wrap_app_handling_exceptions(self.app, conn)(scope, receive, send)
..\..\AppData\Roaming\Python\Python313\site-packages\starlette\_exception_handler.py:53: in wrapped_app
    raise exc
..\..\AppData\Roaming\Python\Python313\site-packages\starlette\_exception_handler.py:42: in wrapped_app
    await app(scope, receive, sender)
..\..\AppData\Roaming\Python\Python313\site-packages\starlette\routing.py:714: in __call__
    await self.middleware_stack(scope, receive, send)
..\..\AppData\Roaming\Python\Python313\site-packages\starlette\routing.py:734: in app
    await route.handle(scope, receive, send)
..\..\AppData\Roaming\Python\Python313\site-packages\starlette\routing.py:288: in handle
    await self.app(scope, receive, send)
..\..\AppData\Roaming\Python\Python313\site-packages\starlette\routing.py:76: in app
    await wrap_app_handling_exceptions(app, request)(scope, receive, send)
..\..\AppData\Roaming\Python\Python313\site-packages\starlette\_exception_handler.py:53: in wrapped_app
    raise exc
..\..\AppData\Roaming\Python\Python313\site-packages\starlette\_exception_handler.py:42: in wrapped_app
    await app(scope, receive, sender)
..\..\AppData\Roaming\Python\Python313\site-packages\starlette\routing.py:73: in app
    response = await f(request)
..\..\AppData\Roaming\Python\Python313\site-packages\fastapi\routing.py:301: in app
    raw_response = await run_endpoint_function(
..\..\AppData\Roaming\Python\Python313\site-packages\fastapi\routing.py:214: in run_endpoint_function
    return await run_in_threadpool(dependant.call, **values)
..\..\AppData\Roaming\Python\Python313\site-packages\starlette\concurrency.py:37: in run_in_threadpool
    return await anyio.to_thread.run_sync(func)
..\..\AppData\Roaming\Python\Python313\site-packages\anyio\to_thread.py:56: in run_sync
    return await get_async_backend().run_sync_in_worker_thread(
..\..\AppData\Roaming\Python\Python313\site-packages\anyio\_backends\_asyncio.py:2461: in run_sync_in_worker_thread
    return await future
..\..\AppData\Roaming\Python\Python313\site-packages\anyio\_backends\_asyncio.py:962: in run
    result = context.run(func, *args)
_ _ _ _ _ _ _ _ _ _ _ _ _ _ _ _ _ _ _ _ _ _ _ _ _ _ _ _ _ _ _ _ _ _ _ _ _ _ _ _

code = 'ham', season = 2021

    @app.get("/drivers/{code}/rivalries")
    def rivalries(code: str, season: int = 2021):
        df = compute_rivalries(code, season)
>       if df.empty: raise HTTPException(404, "No data")
E       AttributeError: 'list' object has no attribute 'empty'

backend\main.py:33: AttributeError
________________________ test_season_overview_success _________________________

monkeypatch = <_pytest.monkeypatch.MonkeyPatch object at 0x0000028BF3C905A0>

    def test_season_overview_success(monkeypatch):
        # fake 2021 overview
        fake_overview = [
            {"code": "ham", "final_elo": 1620, "tier": "A", "wins": 5, "bubble": 35},
            {"code": "ver", "final_elo": 1580, "tier": "B", "wins": 3, "bubble": 25},
        ]
        monkeypatch.setattr("backend.main.compute_season_overview", lambda year: fake_overview)
    
>       resp = client.get("/season/2021/overview")

backend\tests\test_season_overview.py:16: 
_ _ _ _ _ _ _ _ _ _ _ _ _ _ _ _ _ _ _ _ _ _ _ _ _ _ _ _ _ _ _ _ _ _ _ _ _ _ _ _
..\..\AppData\Roaming\Python\Python313\site-packages\starlette\testclient.py:465: in get
    return super().get(
..\..\AppData\Roaming\Python\Python313\site-packages\httpx\_client.py:1053: in get
    return self.request(
..\..\AppData\Roaming\Python\Python313\site-packages\starlette\testclient.py:437: in request
    return super().request(
..\..\AppData\Roaming\Python\Python313\site-packages\httpx\_client.py:825: in request
    return self.send(request, auth=auth, follow_redirects=follow_redirects)
..\..\AppData\Roaming\Python\Python313\site-packages\httpx\_client.py:914: in send
    response = self._send_handling_auth(
..\..\AppData\Roaming\Python\Python313\site-packages\httpx\_client.py:942: in _send_handling_auth
    response = self._send_handling_redirects(
..\..\AppData\Roaming\Python\Python313\site-packages\httpx\_client.py:979: in _send_handling_redirects
    response = self._send_single_request(request)
..\..\AppData\Roaming\Python\Python313\site-packages\httpx\_client.py:1014: in _send_single_request
    response = transport.handle_request(request)
..\..\AppData\Roaming\Python\Python313\site-packages\starlette\testclient.py:340: in handle_request
    raise exc
..\..\AppData\Roaming\Python\Python313\site-packages\starlette\testclient.py:337: in handle_request
    portal.call(self.app, scope, receive, send)
..\..\AppData\Roaming\Python\Python313\site-packages\anyio\from_thread.py:290: in call
    return cast(T_Retval, self.start_task_soon(func, *args).result())
C:\Python313\Lib\concurrent\futures\_base.py:456: in result
    return self.__get_result()
C:\Python313\Lib\concurrent\futures\_base.py:401: in __get_result
    raise self._exception
..\..\AppData\Roaming\Python\Python313\site-packages\anyio\from_thread.py:221: in _call_func
    retval = await retval_or_awaitable
..\..\AppData\Roaming\Python\Python313\site-packages\fastapi\applications.py:1054: in __call__
    await super().__call__(scope, receive, send)
..\..\AppData\Roaming\Python\Python313\site-packages\starlette\applications.py:112: in __call__
    await self.middleware_stack(scope, receive, send)
..\..\AppData\Roaming\Python\Python313\site-packages\starlette\middleware\errors.py:187: in __call__
    raise exc
..\..\AppData\Roaming\Python\Python313\site-packages\starlette\middleware\errors.py:165: in __call__
    await self.app(scope, receive, _send)
..\..\AppData\Roaming\Python\Python313\site-packages\starlette\middleware\cors.py:85: in __call__
    await self.app(scope, receive, send)
..\..\AppData\Roaming\Python\Python313\site-packages\starlette\middleware\exceptions.py:62: in __call__
    await wrap_app_handling_exceptions(self.app, conn)(scope, receive, send)
..\..\AppData\Roaming\Python\Python313\site-packages\starlette\_exception_handler.py:53: in wrapped_app
    raise exc
..\..\AppData\Roaming\Python\Python313\site-packages\starlette\_exception_handler.py:42: in wrapped_app
    await app(scope, receive, sender)
..\..\AppData\Roaming\Python\Python313\site-packages\starlette\routing.py:714: in __call__
    await self.middleware_stack(scope, receive, send)
..\..\AppData\Roaming\Python\Python313\site-packages\starlette\routing.py:734: in app
    await route.handle(scope, receive, send)
..\..\AppData\Roaming\Python\Python313\site-packages\starlette\routing.py:288: in handle
    await self.app(scope, receive, send)
..\..\AppData\Roaming\Python\Python313\site-packages\starlette\routing.py:76: in app
    await wrap_app_handling_exceptions(app, request)(scope, receive, send)
..\..\AppData\Roaming\Python\Python313\site-packages\starlette\_exception_handler.py:53: in wrapped_app
    raise exc
..\..\AppData\Roaming\Python\Python313\site-packages\starlette\_exception_handler.py:42: in wrapped_app
    await app(scope, receive, sender)
..\..\AppData\Roaming\Python\Python313\site-packages\starlette\routing.py:73: in app
    response = await f(request)
..\..\AppData\Roaming\Python\Python313\site-packages\fastapi\routing.py:301: in app
    raw_response = await run_endpoint_function(
..\..\AppData\Roaming\Python\Python313\site-packages\fastapi\routing.py:214: in run_endpoint_function
    return await run_in_threadpool(dependant.call, **values)
..\..\AppData\Roaming\Python\Python313\site-packages\starlette\concurrency.py:37: in run_in_threadpool
    return await anyio.to_thread.run_sync(func)
..\..\AppData\Roaming\Python\Python313\site-packages\anyio\to_thread.py:56: in run_sync
    return await get_async_backend().run_sync_in_worker_thread(
..\..\AppData\Roaming\Python\Python313\site-packages\anyio\_backends\_asyncio.py:2461: in run_sync_in_worker_thread
    return await future
..\..\AppData\Roaming\Python\Python313\site-packages\anyio\_backends\_asyncio.py:962: in run
    result = context.run(func, *args)
_ _ _ _ _ _ _ _ _ _ _ _ _ _ _ _ _ _ _ _ _ _ _ _ _ _ _ _ _ _ _ _ _ _ _ _ _ _ _ _

year = 2021

    @app.get("/season/{year}/overview")
    def season_overview(year: int):
        df = compute_season_overview(year)
>       return df.to_dict("records")
E       AttributeError: 'list' object has no attribute 'to_dict'

backend\main.py:28: AttributeError
=========================== short test summary info ===========================
FAILED backend/tests/test_driver_elo.py::test_driver_elo_success - AttributeE...
FAILED backend/tests/test_driver_elo.py::test_driver_elo_not_found - Attribut...
FAILED backend/tests/test_rivalries.py::test_rivalries_success - AttributeErr...
FAILED backend/tests/test_rivalries.py::test_rivalries_not_found - AttributeE...
FAILED backend/tests/test_season_overview.py::test_season_overview_success - ...
========================= 5 failed, 1 passed in 3.00s =========================
